CREATE EXTENSION IF NOT EXISTS "pg_example";
CREATE TABLE t(i int);
INSERT INTO t VALUES (1), (3);
SELECT * FROM t;
 i
---
 1
 3
(2 rows)

TRUNCATE t;
ERROR:  do not use truncate
SELECT * FROM t;
 i 
---
 1
 3
(2 rows)

DROP TABLE t;
